---
source: crates/vuwr-tui/tests/ui.rs
expression: "render(&mut a, 40, 8)"
---
"  name: "Alice"                         "
"  age: 30                               "
"▾ tags: [1]                             "
"    0: "admin"                          "
"                                        "
"                                        "
" [tree] text  row 3/4         test.json "
" ?  help   Enter  open   Esc  back   3  "
