---
source: crates/vuwr-tui/tests/ui.rs
expression: "render(&mut app, 30, 8)"
---
"name  age                     "
"Alice 30                      "
"Bob   25                      "
"                              "
"                              "
"                              "
"                              "
" test.csv  [table] text  row 1"
